<html>
<body>
<pre>
<h1>µVision Build Log</h1>
<h2>Project:</h2>
C:\Keil\EE319KwareSpring2016\TLMS\PointerTrafficLight.uvproj
Project File Date:  07/03/2018

<h2>Output:</h2>
Rebuild target 'PointerTrafficLight'
assembling startup.s...
compiling PLL.c...
compiling PointerTrafficLight.c...
PointerTrafficLight.c(124): warning:  #223-D: function "EnableInterrupts" declared implicitly
        EnableInterrupts();
PointerTrafficLight.c: 1 warning, 0 errors
compiling SysTick.c...
linking...
Program Size: Code=1368 RO-data=268 RW-data=4 ZI-data=1028  
".\PointerTrafficLight.axf" - 0 Error(s), 1 Warning(s).
Load "C:\\Keil\\EE319KwareSpring2016\\TLMS\\PointerTrafficLight.axf" 
Connecting: Mode=JTAG, Speed=1000000Hz
Erase Done.
Programming Done.
Verify OK.
Clean started: Project: 'PointerTrafficLight'
   deleting intermediate output files for target 'PointerTrafficLight'
</pre>
</body>
</html>
Interrupts();
PointerTrafficLight.c: 1 warning, 0 errors
"PointerTrafficLight.c" - 0 Error(s), 1 Warning(s).
