<html>
<body>
<pre>
<h1>µVision Build Log</h1>
<h2>Project:</h2>
C:\Keil\EE319KwareSpring2016\TLMS\PointerTrafficLight.uvproj
Project File Date:  07/02/2018

<h2>Output:</h2>
Build target 'PointerTrafficLight'
linking...
Program Size: Code=1612 RO-data=472 RW-data=0 ZI-data=1024  
".\PointerTrafficLight.axf" - 0 Error(s), 0 Warning(s).
Load "C:\\Keil\\EE319KwareSpring2016\\TLMS\\PointerTrafficLight.axf" 
Connecting: Mode=JTAG, Speed=1000000Hz
Erase Done.
Programming Done.
Verify OK.
Clean started: Project: 'PointerTrafficLight'
   deleting intermediate output files for target 'PointerTrafficLight'
</pre>
</body>
</html>
rify OK.
compiling PointerTrafficLight.c...
"PointerTrafficLight.c" - 0 Error(s), 0 Warning(s).
get not created
compiling PointerTrafficLight.c...
"PointerTrafficLight.c" - 0 Error(s), 0 Warning(s).

